single datetime: foo=2025-05-20T08:16:05.743Z bar=bar
two datetimes: foo=2025-05-20T08:16:05.743Z 2025-05-20T08:16:05.743Z bar=bar
no seconds: foo=2025-05-20T08:16Z bar=bar

